../Core/Src/main.c:115:5:main	8	static
../Core/Src/main.c:167:6:SystemClock_Config	88	static
../Core/Src/main.c:214:13:MX_USART1_UART_Init	8	static
../Core/Src/main.c:247:13:MX_USART2_UART_Init	8	static
../Core/Src/main.c:280:13:MX_GPIO_Init	48	static
../Core/Src/main.c:317:6:HAL_UART_RxCpltCallback	16	static
../Core/Src/main.c:324:6:HAL_UART_TxCpltCallback	16	static
../Core/Src/main.c:329:6:HAL_GPIO_EXTI_Callback	24	static
../Core/Src/main.c:340:6:L1_send	32	static
../Core/Src/main.c:351:6:L1_receive	40	static
../Core/Src/main.c:360:6:L2_send	32	static
../Core/Src/main.c:370:6:L2_receive	40	static
../Core/Src/main.c:384:6:L3_send	32	static
../Core/Src/main.c:397:6:L3_receive	40	static
../Core/Src/main.c:421:6:L7_send	32	static
../Core/Src/main.c:431:6:L7_receive	40	static
../Core/Src/main.c:474:9:crc	32	static
../Core/Src/main.c:496:6:Error_Handler	4	static,ignoring_inline_asm
